<?xml version="1.0"?>
<testsuite name="Chrome Headless 129.0.0.0 (Linux x86_64)" package="" timestamp="2024-09-19T12:43:52" id="0" hostname="hackerearth331" tests="0" errors="0" failures="0" time="0">
  <properties>
    <property name="browser.fullName" value="Mozilla/5.0 (X11; Linux x86_64) AppleWebKit/537.36 (KHTML, like Gecko) HeadlessChrome/129.0.0.0 Safari/537.36"/>
  </properties>
  <system-out>
    <![CDATA[
]]>
  </system-out>
  <system-err/>
</testsuite>